2025-11-14 19:22:30 - ===== Starting flight data sync =====
2025-11-14 19:22:30 - Syncing data from tinkerboard:/run/dump1090-fa/ ...
2025-11-14 19:22:32 - ✓ Rsync completed successfully
2025-11-14 19:22:32 - Loading data into DuckDB...
Creating DuckDB database: aircraft.duckdb
Loading raw/aircraft.json...
Found 120 history files
  Processed 10/120 history files...
  Processed 20/120 history files...
  Processed 30/120 history files...
  Processed 40/120 history files...
  Processed 50/120 history files...
  Processed 60/120 history files...
  Processed 70/120 history files...
  Processed 80/120 history files...
  Processed 90/120 history files...
  Processed 100/120 history files...
  Processed 110/120 history files...
  Processed 120/120 history files...
Loaded all 120 history files
Loading raw/stats.json...

=== Database Summary ===
Total aircraft observations: 4012
Unique aircraft: 147
Receiver stats records: 10
Time range: 2025-11-14 17:59:31.300000 to 2025-11-14 19:22:32.200000

✓ Database created successfully: aircraft.duckdb
2025-11-14 19:22:35 - ✓ Database load completed successfully
2025-11-14 19:22:35 - ===== Flight data sync completed =====

